<?xml version="1.0" encoding="UTF-8" ?>
<testsuites name="vitest tests" tests="10" failures="0" errors="0" time="0.2097646">
    <testsuite name="src/app/header.test.tsx" timestamp="2025-10-31T22:36:55.102Z" hostname="BESTPC" tests="10" failures="0" errors="0" skipped="0" time="0.2097646">
        <testcase classname="src/app/header.test.tsx" name="Header Component &gt; Unauthenticated State &gt; should display Sign In button when user is not authenticated" time="0.0390029">
        </testcase>
        <testcase classname="src/app/header.test.tsx" name="Header Component &gt; Unauthenticated State &gt; should call signIn when Sign In button is clicked" time="0.0090412">
        </testcase>
        <testcase classname="src/app/header.test.tsx" name="Header Component &gt; Unauthenticated State &gt; should not show navigation links when unauthenticated" time="0.0068932">
        </testcase>
        <testcase classname="src/app/header.test.tsx" name="Header Component &gt; Unauthenticated State &gt; should show mobile menu with Sign In action when hamburger menu is clicked" time="0.0617497">
        </testcase>
        <testcase classname="src/app/header.test.tsx" name="Header Component &gt; Authenticated State &gt; should direct logo to collection when user is authenticated" time="0.0198382">
        </testcase>
        <testcase classname="src/app/header.test.tsx" name="Header Component &gt; Authenticated State &gt; should display credits when user is authenticated" time="0.008384">
        </testcase>
        <testcase classname="src/app/header.test.tsx" name="Header Component &gt; Authenticated State &gt; should display navigation links when user is authenticated" time="0.010373">
        </testcase>
        <testcase classname="src/app/header.test.tsx" name="Header Component &gt; Authenticated State &gt; should show mobile menu with authenticated content when hamburger menu is clicked" time="0.0193573">
        </testcase>
        <testcase classname="src/app/header.test.tsx" name="Header Component &gt; Authenticated State &gt; should call signOut when Sign Out button in mobile menu is clicked" time="0.0176923">
        </testcase>
        <testcase classname="src/app/header.test.tsx" name="Header Component &gt; Mobile Menu Toggle &gt; should toggle mobile menu visibility when hamburger button is clicked" time="0.0162429">
        </testcase>
    </testsuite>
</testsuites>
